UG to STEP
! INFO-     NX STEP AP214 - V2506.4001
! INFO-      
! INFO-     Start of Translation: 8-APR-2026  8:24:45 PM
! INFO-      
! STATUS-   Converting Part: D:\school\project_gebruiksgericht\ECOLUX\EcoLux\cad\Pootjes_Prototype.prt
! SUMMARY-   
! SUMMARY-  Summary of Unigraphics Part Entities
! SUMMARY-  For Part: D:\school\project_gebruiksgericht\ECOLUX\EcoLux\cad\Pootjes_Prototype.prt 
! SUMMARY-  Entities Processed             Count
! SUMMARY-  ------------------             -----
! SUMMARY-  Part Attribute ..............:     1
! SUMMARY-  Font ........................:     1
! SUMMARY-  Color Table .................:     2
! SUMMARY-  Coordinate System ...........:     2
! SUMMARY-  Parameter ...................:     1
! SUMMARY-  Matrix ......................:     1
! SUMMARY-  Solid/Sheet .................:
! SUMMARY-     Body .....................:     1
! SUMMARY-                                 -----
! SUMMARY-  Total                              9
! STATUS-    
! STATUS-   Converting to Output Form (Phase 2 of 3): 8-APR-2026 8:24:45 PM
! STATUS-    
! STATUS-    
! STATUS-   Generating UG geometry and placing them in parts
! STATUS-    
! SUMMARY-   
! SUMMARY-    STEP Header Information
! SUMMARY-   
! SUMMARY-  Description      Unknown
! SUMMARY-  Imp_Level        1
! SUMMARY-  File_Name        Pootjes_Prototype_1.stp
! SUMMARY-  Date             2026-04-08T20:24:45+02:00
! SUMMARY-  Author           Unknown
! SUMMARY-  Organization     Unknown
! SUMMARY-  Pre_Version      ST-DEVELOPER v20
! SUMMARY-  Orig_System      SIEMENS PLM Software NX2506.4001
! SUMMARY-  Authorization    Unknown
! SUMMARY-  Schema_ID        step_merged_ap_schema
! SUMMARY-   
! SUMMARY-    Summary of STEP Entities
! SUMMARY-   
! SUMMARY-  Entity Type                                                   Count
! SUMMARY-  -----------                                                   ------
! SUMMARY-  advanced_face ..............................................:      6
! SUMMARY-  application_context ........................................:      1
! SUMMARY-  axis1_placement ............................................:      1
! SUMMARY-  axis2_placement_3d .........................................:     10
! SUMMARY-  b_spline_curve_with_knots ..................................:      3
! SUMMARY-  cartesian_point ............................................:     70
! SUMMARY-  circle .....................................................:      4
! SUMMARY-  closed_shell ...............................................:      1
! SUMMARY-  conical_surface ............................................:      1
! SUMMARY-  conversion_based_unit_and_plane_angle_unit .................:      1
! SUMMARY-  cylindrical_surface ........................................:      2
! SUMMARY-  dimensional_exponents ......................................:      1
! SUMMARY-  direction ..................................................:     21
! SUMMARY-  edge_curve .................................................:      6
! SUMMARY-  edge_loop ..................................................:     12
! SUMMARY-  face_bound .................................................:     13
! SUMMARY-  geometric_representation_context_and_global_uncertainty_a ..:      1
! SUMMARY-  length_unit_and_si_unit ....................................:      1
! SUMMARY-  manifold_solid_brep ........................................:      1
! SUMMARY-  oriented_edge ..............................................:     12
! SUMMARY-  plane ......................................................:      2
! SUMMARY-  plane_angle_measure_with_unit ..............................:      1
! SUMMARY-  plane_angle_unit_and_si_unit ...............................:      1
! SUMMARY-  product ....................................................:      1
! SUMMARY-  product_context ............................................:      1
! SUMMARY-  product_definition .........................................:      1
! SUMMARY-  product_definition_context .................................:      1
! SUMMARY-  product_definition_formation_with_specified_source .........:      1
! SUMMARY-  product_definition_shape ...................................:      1
! SUMMARY-  product_related_product_category ...........................:      1
! SUMMARY-  si_unit_and_solid_angle_unit ...............................:      1
! SUMMARY-  surface_of_revolution ......................................:      1
! SUMMARY-  uncertainty_measure_with_unit ..............................:      1
! SUMMARY-  vertex_loop ................................................:      1
! SUMMARY-  vertex_point ...............................................:      7
! SUMMARY-                                                               -------
! SUMMARY-  Total                                                            190
! INFO-     Bspline aprx. value in effect for this translation :0.025400 millimeter
! INFO-      
! INFO-     Total number of solids input for this translation  :       1
! INFO-      
! INFO-     Number of solids processed without problems        :       1
! INFO-      
! INFO-     Number of solids with problems output as sheets    :       0
! INFO-      
! INFO-     Number of solids not processed                     :       0
! INFO-      
! INFO-     End of Translation: 8-APR-2026  8:24:45 PM
! INFO-      
